SETUP: multitool.setupView{Name:"multi", Description:"Stable multitool for tests.", Mode:"json", CommandDescription:"Command line for tests.", InputDescription:"Input body for tests.", Required:false}
CONFIG: multitool.configView{Subtools:[]multitool.subtoolSpecView{multitool.subtoolSpecView{Command:"echo", Description:"echoes parsed input", Usage:"[--upper] <label>"}, multitool.subtoolSpecView{Command:"count", Description:"counts input bytes", Usage:""}}, Fallback:"default"}
SNAPSHOT: offered=1 name="multi" description="Stable multitool for tests." payload=threads.ToolPayloadJSONSchema required=false handlers=1

CASE unknown command
payload: "{\"command\":\"missing --flag\",\"input\":\"ignored\"}"
started: true items: 1
result call_id="call-1":
unknown command: missing

Available commands:
  echo [--upper] <label> - echoes parsed input
  count - counts input bytes
